// Jest Snapshot v1, https://goo.gl/fbAQLP

exports[`<HeadingPage /> vai renderizar o componente 1`] = `
.c1 {
  max-width: 130rem;
  margin-left: auto;
  margin-right: auto;
  padding-left: calc(1.5rem);
  padding-right: calc(1.5rem);
}

.c0 {
  background-color: #3F4350;
  overflow: hidden;
}

.c2 {
  position: relative;
  display: -webkit-box;
  display: -webkit-flex;
  display: -ms-flexbox;
  display: flex;
  -webkit-flex-direction: column;
  -ms-flex-direction: column;
  flex-direction: column;
  -webkit-box-pack: center;
  -webkit-justify-content: center;
  -ms-flex-pack: center;
  justify-content: center;
  height: 55rem;
}

.c3 {
  font-size: 4.2rem;
  font-weight: 600;
  color: #FFFFFF;
}

.c4 {
  position: absolute;
  top: 0;
  left: 0;
  right: 0;
  height: 100%;
  margin: auto;
  z-index: 1;
}

.c5 {
  position: absolute;
  width: 0.1rem;
  height: 100%;
  top: 0;
  left: 50%;
  background: #535662;
  overflow: hidden;
}

.c5:after {
  content: '';
  display: block;
  position: absolute;
  height: 15rem;
  width: 100%;
  top: -50%;
  left: 0;
  background: #FFFFFF;
  -webkit-animation: run 4s 0s infinite;
  animation: run 4s 0s infinite;
  -webkit-animation-fill-mode: forwards;
  animation-fill-mode: forwards;
  -webkit-animation-timing-function: cubic-bezier(0.4,0.26,0,0.97);
  animation-timing-function: cubic-bezier(0.4,0.26,0,0.97);
}

.c5:nth-child(1) {
  margin-left: -25%;
}

.c5::nth-child(1):after {
  -webkit-animation-delay: 2s;
  animation-delay: 2s;
}

.c5:nth-child(3) {
  margin-left: 25%;
}

.c5:nth-child(3):after {
  -webkit-animation-delay: 2.5s;
  animation-delay: 2.5s;
}

@media (min-width:1170px) {
  .c2 {
    height: 35rem;
  }
}

@media (min-width:1170px) {
  .c3 {
    margin-top: 20rem;
    margin-left: 3.2rem;
    width: 50%;
  }
}

<div>
  <div
    class="c0"
  >
    <div
      class="c1"
    >
      <div
        class="c2"
      >
        <h1
          class="c3"
        >
          Um titulo
        </h1>
        <div
          class="c4"
        >
          <div
            class="c5"
          />
          <div
            class="c5"
          />
          <div
            class="c5"
          />
        </div>
      </div>
    </div>
  </div>
</div>
`;
