// Jest Snapshot v1, https://goo.gl/fbAQLP

exports[`<TextField /> Vai testar se o TextField renderiza com uma label caso seja passado a prop label 1`] = `
.c1 {
  display: -webkit-box;
  display: -webkit-flex;
  display: -ms-flexbox;
  display: flex;
  background: #EAEAEA;
  border-radius: 0.2rem;
  padding: 0 1.6rem;
  border: 0.2rem solid;
  border-color: #EAEAEA;
}

.c1:focus-within {
  box-shadow: 0 0 0.5rem #F51700;
}

.c2 {
  color: #050706;
  font-family: Poppins,-apple-system,BlinkMacSystemFont,'Segoe UI',Roboto,Oxygen,Ubuntu,Cantarell,'Open Sans','Helvetica Neue',sans-serif;
  font-size: 1.6rem;
  padding: 0.8rem 0;
  padding-left: 1.6rem;
  background: transparent;
  border: 0;
  outline: none;
  width: 100%;
}

.c0 {
  font-size: 1.4rem;
  color: #050706;
  cursor: pointer;
}

<div
  class=""
>
  <label
    class="c0"
    for="Field"
  >
    Label
  </label>
  <div
    class="c1"
  >
    <input
      class="c2"
      id="Field"
      type="text"
      value=""
    />
  </div>
</div>
`;
